// Jest Snapshot v1, https://goo.gl/fbAQLP

exports[`List of Rockets Tests RocketsList should display properly 1`] = `<ul />`;
